// Jest Snapshot v1, https://goo.gl/fbAQLP

exports[`PaletteTile should match the snapshot 1`] = `ShallowWrapper {}`;
