// Jest Snapshot v1, https://goo.gl/fbAQLP

exports[`PaletteDisplay should match the snapshot 1`] = `ShallowWrapper {}`;
