// Jest Snapshot v1, https://goo.gl/fbAQLP

exports[`ProjectTile should match the snapshot 1`] = `undefined`;
